✔ marker, second marker and close update detail/URL without revealing or focusing list cards (6.272ms)
✔ compact list and full-card map actions preserve their distinct reveal behavior (0.986667ms)
✔ deep-link restoration retains selection authority without list reveal (0.82975ms)
✔ HYROX consumes the frozen M1 shell and providers without a presentation fork (0.476459ms)
✔ one filtered HYROX dataset feeds map, compact list, and full list (0.438417ms)
✔ selection uses M0 URL identity, history, close, Escape, and explicit location gesture (0.265ms)
✔ selected positive equipment uses H3-10B labels and zero-positive omits the section (0.162333ms)
✔ capability presentation stays deferred and HOLD/DEFER fields never leak (0.380041ms)
✔ compact list and panel actions remain keyboard/text accessible (0.141125ms)
✔ Map-purpose index preserves latest periods, insertion order, and schedule multiplicity (4.315417ms)
✔ Map-purpose aggregate is equivalent to the former schedule-array oracle (2.0915ms)
✔ program identity and brand do not depend on schedule times (0.118125ms)
✔ Home Map source is direct, minimal, membership-positive, and cache-isolated (0.699541ms)
✔ low zoom preserves every valid facility at its exact coordinate without thinning (1.180708ms)
✔ selected facility remains one full M1 marker and is not duplicated as a micro-dot (0.114625ms)
✔ local zoom returns the exact existing M1 marker set in source order (0.076125ms)
✔ invalid coordinates are not invented by the presentation layer (0.086708ms)
✔ zoom presentation progresses from 4 to 6 to 8 pixels before M1 (0.059792ms)
✔ simplification source cannot reintroduce numbered clusters, heatmaps, or randomness (0.14975ms)
✔ low-zoom dots are presentation-only while selected and local markers retain M1 (0.449875ms)
✔ Lesson opts in without changing HYROX, MapChrome, or P1 basemap ownership (2.898292ms)
✔ non-map route remains outside the map and simplification lazy boundary (0.454167ms)
✔ vector is the candidate default and raster remains a bounded rollback (0.355709ms)
✔ owned style preserves OpenFreeMap authority and the Japanese station hierarchy (1.448958ms)
✔ MapLibre is nested behind the map-only lazy seam with a complete worker pair (1.870917ms)
✔ marker ownership and Lesson/HYROX consumer boundaries remain intact (0.505667ms)
✔ M1 marker API is domain-neutral and limited to M0 states (0.734792ms)
✔ selected marker is immediate, semantic, and not color-only (0.12025ms)
✔ keyboard focus keeps selected semantics and follows the marker silhouette (0.1605ms)
✔ selection panel accepts opaque domain children and owns no domain semantics (0.085792ms)
✔ location presentation consumes the frozen lifecycle without acquiring location (0.077417ms)
✔ loading empty and error presentation renders only supplied copy (0.060125ms)
✔ M1 does not invent URL state and preserves M0-R1 selection state (0.104833ms)
✔ responsive panel becomes a partial sheet while selection stays canonical (0.114833ms)
✔ future H3-10C can compose M1 without HYROX props or a presentation fork (0.114542ms)
✔ M0-R1 keeps location not requested until the explicit locate action (0.958959ms)
✔ P4-B first location success extends viewport state only with Lesson proximity state (0.375333ms)
✔ M0-R1 never derives initial selection from the first result (0.150959ms)
✔ selected URL state uses the stable public key and preserves unrelated Lesson URL state (0.976125ms)
✔ selection history restores with popstate and never persists ephemeral map state (0.350292ms)
✔ bounded clear, Escape, keyboard marker, and selected semantics are wired without visual redesign (0.159709ms)
✔ M0-R1.1 Apple provider clears only through bare-map activation (0.190167ms)
✔ M0-R1.1 Apple markers share canonical pointer and keyboard selection (0.096584ms)
✔ M0-R1.1 Apple provider reflects selected identity semantically and programmatically (0.122ms)
✔ P4-A selection clear preserves the current provider viewport (0.265125ms)
✔ P4-A repeat locate requests camera movement without another acquisition (0.208958ms)
✔ Lesson query, filters, viewport scope, ordering, and domain content stay in the Lesson consumer (0.118875ms)
✔ idle MapChrome is a single compact current-location action (0.468375ms)
✔ requesting status is announced without a duplicate visible surface (0.121375ms)
✔ decorative guidance adds no control or persistence model (0.101042ms)
✔ Lesson and HYROX keep one shared MapChrome contract (0.063458ms)
✔ obtained location remains an available return action (0.264083ms)
✔ geolocation acquisition remains outside presentation (0.061042ms)
ℹ tests 53
ℹ suites 0
ℹ pass 53
ℹ fail 0
ℹ cancelled 0
ℹ skipped 0
ℹ todo 0
ℹ duration_ms 396.137958
